// Vitest Snapshot v1, https://vitest.dev/guide/snapshot.html

exports[`CheckoutSidebar > matches snapshot 1`] = `
<div>
  <div />
</div>
`;
