// Vitest Snapshot v1, https://vitest.dev/guide/snapshot.html

exports[`ImageCarousel > Matches snapshot 1`] = `
<div>
  <div>
    No images available
  </div>
</div>
`;
