// Vitest Snapshot v1, https://vitest.dev/guide/snapshot.html

exports[`Navigation > matches snapshot 1`] = `
<div>
  <nav
    class="h-16 pr-12 pl-12 pt-4 pb-4 font-sans flex"
  >
    <ul
      class="flex gap-2 text-gray-700 font-medium"
    >
      <li>
        <a
          class="hover:text-green-400 transition ease-in-out duration-300"
          href="/"
        >
          test
        </a>
      </li>
    </ul>
    <div
      class="ml-auto flex gap-2 items-center"
    >
      <button
        aria-label="shopping card"
      >
        <svg
          class="lucide lucide-shopping-basket"
          fill="none"
          height="24"
          stroke="black"
          stroke-linecap="round"
          stroke-linejoin="round"
          stroke-width="2"
          viewBox="0 0 24 24"
          width="24"
          xmlns="http://www.w3.org/2000/svg"
        >
          <path
            d="m15 11-1 9"
          />
          <path
            d="m19 11-4-7"
          />
          <path
            d="M2 11h20"
          />
          <path
            d="m3.5 11 1.6 7.4a2 2 0 0 0 2 1.6h9.8a2 2 0 0 0 2-1.6l1.7-7.4"
          />
          <path
            d="M4.5 15.5h15"
          />
          <path
            d="m5 11 4-7"
          />
          <path
            d="m9 11 1 9"
          />
        </svg>
      </button>
      <p
        class="font-mono text-gray-600 text-[18px]"
      >
        0
      </p>
    </div>
  </nav>
</div>
`;
